\BOOKMARK [1][-]{section.1}{\376\377\000O\000b\000j\000e\000c\000t\000i\000v\000e}{}% 1
\BOOKMARK [1][-]{section.2}{\376\377\000A\000p\000p\000l\000i\000c\000a\000t\000i\000o\000n\000\040\000A\000r\000c\000h\000i\000t\000e\000c\000t\000u\000r\000e}{}% 2
\BOOKMARK [2][-]{subsection.2.1}{\376\377\000P\000a\000c\000k\000a\000g\000e\000\040\000S\000t\000r\000u\000c\000t\000u\000r\000e}{section.2}% 3
\BOOKMARK [2][-]{subsection.2.2}{\376\377\000R\000e\000q\000u\000e\000s\000t\000\040\000/\000\040\000R\000e\000s\000p\000o\000n\000s\000e\000\040\000F\000l\000o\000w}{section.2}% 4
\BOOKMARK [1][-]{section.3}{\376\377\000P\000a\000r\000t\000\040\0001\000\040\040\024\000\040\000P\000o\000r\000t\000e\000d\000\040\000D\000o\000m\000a\000i\000n\000\040\000M\000o\000d\000e\000l}{}% 5
\BOOKMARK [2][-]{subsection.3.1}{\376\377\000D\000o\000m\000a\000i\000n\000\040\000E\000n\000t\000i\000t\000i\000e\000s}{section.3}% 6
\BOOKMARK [2][-]{subsection.3.2}{\376\377\000P\000e\000r\000s\000i\000s\000t\000e\000n\000c\000e\000\040\000I\000n\000t\000e\000r\000f\000a\000c\000e}{section.3}% 7
\BOOKMARK [2][-]{subsection.3.3}{\376\377\000S\000e\000e\000d\000\040\000D\000a\000t\000a}{section.3}% 8
\BOOKMARK [2][-]{subsection.3.4}{\376\377\000S\000e\000r\000v\000i\000c\000e\000\040\000L\000a\000y\000e\000r}{section.3}% 9
\BOOKMARK [1][-]{section.4}{\376\377\000P\000a\000r\000t\000\040\0002\000\040\040\024\000\040\000J\000W\000T\000\040\000S\000e\000c\000u\000r\000i\000t\000y\000\040\000I\000m\000p\000l\000e\000m\000e\000n\000t\000a\000t\000i\000o\000n}{}% 10
\BOOKMARK [2][-]{subsection.4.1}{\376\377\000R\000S\000A\000\040\000K\000e\000y\000\040\000G\000e\000n\000e\000r\000a\000t\000i\000o\000n}{section.4}% 11
\BOOKMARK [2][-]{subsection.4.2}{\376\377\000S\000e\000c\000u\000r\000i\000t\000y\000\040\000C\000o\000n\000f\000i\000g\000u\000r\000a\000t\000i\000o\000n}{section.4}% 12
\BOOKMARK [2][-]{subsection.4.3}{\376\377\000U\000s\000e\000r\000\040\000S\000e\000r\000v\000i\000c\000e}{section.4}% 13
\BOOKMARK [2][-]{subsection.4.4}{\376\377\000T\000o\000k\000e\000n\000\040\000I\000s\000s\000u\000e\000r\000\040\040\024\000\040\000A\000u\000t\000h\000C\000o\000n\000t\000r\000o\000l\000l\000e\000r}{section.4}% 14
\BOOKMARK [2][-]{subsection.4.5}{\376\377\000J\000W\000T\000\040\000S\000c\000o\000p\000e\000s}{section.4}% 15
\BOOKMARK [2][-]{subsection.4.6}{\376\377\000E\000v\000i\000d\000e\000n\000c\000e\000:\000\040\000A\000p\000p\000l\000i\000c\000a\000t\000i\000o\000n\000\040\000S\000t\000a\000r\000t\000u\000p}{section.4}% 16
\BOOKMARK [2][-]{subsection.4.7}{\376\377\000E\000v\000i\000d\000e\000n\000c\000e\000:\000\040\000L\000o\000g\000i\000n\000\040\000a\000n\000d\000\040\000J\000W\000T}{section.4}% 17
\BOOKMARK [1][-]{section.5}{\376\377\000P\000a\000r\000t\000\040\0003\000\040\040\024\000\040\000P\000r\000o\000t\000e\000c\000t\000e\000d\000\040\000R\000E\000S\000T\000\040\000A\000P\000I}{}% 18
\BOOKMARK [2][-]{subsection.5.1}{\376\377\000E\000n\000d\000p\000o\000i\000n\000t\000\040\000O\000v\000e\000r\000v\000i\000e\000w}{section.5}% 19
\BOOKMARK [2][-]{subsection.5.2}{\376\377\000M\000e\000t\000h\000o\000d\000-\000L\000e\000v\000e\000l\000\040\000S\000e\000c\000u\000r\000i\000t\000y}{section.5}% 20
\BOOKMARK [2][-]{subsection.5.3}{\376\377\000U\000n\000i\000f\000o\000r\000m\000\040\000R\000e\000s\000p\000o\000n\000s\000e\000\040\000E\000n\000v\000e\000l\000o\000p\000e}{section.5}% 21
\BOOKMARK [2][-]{subsection.5.4}{\376\377\000H\000T\000T\000P\000\040\000S\000t\000a\000t\000u\000s\000\040\000S\000e\000m\000a\000n\000t\000i\000c\000s}{section.5}% 22
\BOOKMARK [2][-]{subsection.5.5}{\376\377\000E\000v\000i\000d\000e\000n\000c\000e\000:\000\040\000A\000u\000t\000h\000o\000r\000i\000s\000e\000d\000\040\000G\000E\000T}{section.5}% 23
\BOOKMARK [2][-]{subsection.5.6}{\376\377\000E\000v\000i\000d\000e\000n\000c\000e\000:\000\040\000U\000n\000a\000u\000t\000h\000o\000r\000i\000s\000e\000d\000\040\000G\000E\000T\000\040\000\050\000n\000o\000\040\000t\000o\000k\000e\000n\000\051}{section.5}% 24
\BOOKMARK [2][-]{subsection.5.7}{\376\377\000E\000v\000i\000d\000e\000n\000c\000e\000:\000\040\000A\000u\000t\000h\000o\000r\000i\000s\000e\000d\000\040\000P\000O\000S\000T}{section.5}% 25
\BOOKMARK [2][-]{subsection.5.8}{\376\377\000E\000v\000i\000d\000e\000n\000c\000e\000:\000\040\000F\000o\000r\000b\000i\000d\000d\000e\000n\000\040\000P\000O\000S\000T\000\040\000\050\000r\000e\000a\000d\000-\000o\000n\000l\000y\000\040\000s\000c\000o\000p\000e\000\051}{section.5}% 26
\BOOKMARK [1][-]{section.6}{\376\377\000P\000a\000r\000t\000\040\0004\000\040\040\024\000\040\000O\000p\000e\000n\000A\000P\000I\000\040\000/\000\040\000S\000w\000a\000g\000g\000e\000r\000\040\000w\000i\000t\000h\000\040\000J\000W\000T}{}% 27
\BOOKMARK [2][-]{subsection.6.1}{\376\377\000O\000p\000e\000n\000A\000P\000I\000\040\000S\000e\000c\000u\000r\000i\000t\000y\000\040\000S\000c\000h\000e\000m\000e}{section.6}% 28
\BOOKMARK [2][-]{subsection.6.2}{\376\377\000E\000n\000d\000p\000o\000i\000n\000t\000\040\000A\000n\000n\000o\000t\000a\000t\000i\000o\000n\000s}{section.6}% 29
\BOOKMARK [2][-]{subsection.6.3}{\376\377\000E\000v\000i\000d\000e\000n\000c\000e\000:\000\040\000S\000w\000a\000g\000g\000e\000r\000\040\000A\000u\000t\000h\000o\000r\000i\000z\000e\000\040\000D\000i\000a\000l\000o\000g}{section.6}% 30
\BOOKMARK [2][-]{subsection.6.4}{\376\377\000E\000v\000i\000d\000e\000n\000c\000e\000:\000\040\000E\000x\000e\000c\000u\000t\000i\000n\000g\000\040\000a\000\040\000S\000e\000c\000u\000r\000e\000d\000\040\000E\000n\000d\000p\000o\000i\000n\000t}{section.6}% 31
\BOOKMARK [1][-]{section.7}{\376\377\000P\000a\000r\000t\000\040\0005\000\040\040\024\000\040\000F\000i\000l\000t\000e\000r\000\040\000P\000i\000p\000e\000l\000i\000n\000e}{}% 32
\BOOKMARK [2][-]{subsection.7.1}{\376\377\000A\000v\000a\000i\000l\000a\000b\000l\000e\000\040\000S\000t\000r\000a\000t\000e\000g\000i\000e\000s}{section.7}% 33
\BOOKMARK [2][-]{subsection.7.2}{\376\377\000P\000r\000o\000f\000i\000l\000e\000\040\000A\000c\000t\000i\000v\000a\000t\000i\000o\000n}{section.7}% 34
\BOOKMARK [1][-]{section.8}{\376\377\000T\000e\000s\000t\000i\000n\000g\000\040\000S\000t\000r\000a\000t\000e\000g\000y}{}% 35
\BOOKMARK [2][-]{subsection.8.1}{\376\377\000J\000W\000T\000\040\000M\000o\000c\000k\000\040\000T\000e\000c\000h\000n\000i\000q\000u\000e}{section.8}% 36
\BOOKMARK [2][-]{subsection.8.2}{\376\377\000E\000n\000d\000-\000t\000o\000-\000E\000n\000d\000\040\000A\000u\000t\000h\000e\000n\000t\000i\000c\000a\000t\000i\000o\000n\000\040\000F\000l\000o\000w}{section.8}% 37
\BOOKMARK [2][-]{subsection.8.3}{\376\377\000E\000v\000i\000d\000e\000n\000c\000e\000:\000\040\000A\000l\000l\000\040\000T\000e\000s\000t\000s\000\040\000P\000a\000s\000s\000i\000n\000g}{section.8}% 38
\BOOKMARK [1][-]{section.9}{\376\377\000C\000o\000n\000c\000l\000u\000s\000i\000o\000n\000s}{}% 39
\BOOKMARK [2][-]{subsection.9.1}{\376\377\000L\000e\000s\000s\000o\000n\000s\000\040\000L\000e\000a\000r\000n\000e\000d}{section.9}% 40
\BOOKMARK [1][-]{section.10}{\376\377\000R\000e\000f\000e\000r\000e\000n\000c\000e\000s}{}% 41
